libtest5 constructor
enter main
libf constructor
dlopen libf.so completed
libg constructor
dlopen libg.so completed
called function_f
dlclose libf.so completed
libg destructor
libf destructor
dlclose libg.so completed
libf constructor
dlopen libf.so completed
libg constructor
dlopen libg.so completed
libf destructor
dlclose libf.so completed
libg destructor
dlclose libg.so completed
leave main
libtest5 destructor
