libtest5 constructor
enter main
libf constructor
dlopen libf.so completed
libg constructor
dlopen libg.so completed
called function_f
dlclose libf.so completed
libh constructor
dlopen libh.so completed
called function_f
libg destructor
dlclose libg.so completed
libh destructor
libf destructor
dlclose libh.so completed
leave main
libtest5 destructor
